user@user MINGW64 ~ (feature)
$ cd ~/Desktop

user@user MINGW64 ~/Desktop (feature)
$ mkdir git_challenge

user@user MINGW64 ~/Desktop (feature)
$ cd git_challenge

user@user MINGW64 ~/Desktop (feature)
$ echo "Hello, World!" > hello_world.txt

user@user MINGW64 ~/Sesktop (feature)
$ git init

user@user MINGW64 ~/Desktop/git_challenge (feature)
$ git add hello_world.txt

user@user MINGW64 ~/Desktop/git_challenge (feature)
$ git commit -m "最初のコミット:Hello,Worldを追加"
[feature ddad1d8] 最初のコミット:Hello,Worldを追加
 1 file changed, 2 deletions(-)
 delete mode 100644 Desktop/git_challenge/hello_world.txt

user@user MINGW64 ~/Desktop/git_challenge (feature)
$ git add hello_world.txt

user@user MINGW64 ~/Desktop/git_challenge (feature)
$ git commit -m "2回目のコミット:日本語訳の追記"
[feature c6c49c5] 2回目のコミット:日本語訳の追記
 1 file changed, 1 insertion(+)
 create mode 100644 Desktop/git_challenge/hello_world.txt

user@user MINGW64 ~/Desktop/git_challenge (feature)
$ git log --oneline
c6c49c5 (HEAD -> feature) 2回目のコミット:日本語訳の追記
ddad1d8 最初のコミット:Hello,Worldを追加
$
