user@user MINGW64 ~ (feature)
$ cd ~/Desktop

user@user MINGW64 ~/Desktop (main)
$ mkdir git_challenge

user@user MINGW64 ~/Desktop (main)
$ cd git_challenge

user@user MINGW64 ~/Desktop/git_challenge (main)
$ git init
Initialized empty Git repository in C:/Users/user/Desktop/git_challenge/.git/

user@user MINGW64 ~/Desktop/git_challenge (main)
$ echo "Hello,World!" >> hello_world.txt

user@user MINGW64 ~/Desktop/git_challenge (main)
$ git add hello_world.txt
warning: in the working copy of 'hello_world.txt', LF will be replaced by CRLF the next time Git touches it

user@user MINGW64 ~/Desktop/git_challenge (main)
$ git commit -m '最初のコミット: Hello,World!を追加'
[main (root-commit) 4ff70f2] 最初のコミット: Hello,World!を追加
 1 file changed, 1 insertion(+)
 create mode 100644 hello_world.txt

user@user MINGW64 ~/Desktop/git_challenge (main)
$ echo "こんにちは、世界!" >> hello_world.txt

user@user MINGW64 ~/Desktop/git_challenge (main)
$ git add hello_world.txt

user@user MINGW64 ~/Desktop/git_challenge (main)
$ git commit -m '2回目のコミット:　日本語訳の追記'
[main 6a2b67d] 2回目のコミット:　日本語訳の追記
 1 file changed, 1 insertion(+)

user@user MINGW64 ~/Desktop/git_challenge (main)
$ git log --oneline
6a2b67d (HEAD -> main) 2回目のコミット:　日本語訳の追記
4ff70f2 最初のコミット: Hello,World!を追加

user@user MINGW64 ~/Desktop/git_challenge (main)
$
