user@user MINGW64 ~ (feature)
$ cd ~/Desktop

user@user MINGW64 ~/Desktop (feature)
$ mkdir git_challenge

user@user MINGW64 ~/Desktop (feature)
$ cd git_challenge

user@user MINGW64 ~/Desktop/git_challenge (feature)
$ git add hello_world.txt

user@user MINGW64 ~/Desktop/git_challenge (feature)
$ git commit -m "最初のコミット:Hello,Worldを追加"
[feature b8a589e] 最初のコミット:Hello,Worldを追加
 1 file changed, 1 insertion(+)
 create mode 100644 Desktop/git_challenge/hello_world.txt

user@user MINGW64 ~/Desktop/git_challenge (feature)
$ git add hello_world.txt

user@user MINGW64 ~/Desktop/git_challenge (feature)
$ git commit -m "2回目のコミット:日本語訳の追記"
[feature a8e855c] 2回目のコミット:日本語訳の追記
 1 file changed, 1 insertion(+)

user@user MINGW64 ~/Desktop/git_challenge (feature)
$ git log --oneline
a8e855c (HEAD -> feature) 2回目のコミット:日本語訳の追記
b8a589e 最初のコミット:Hello,Worldを追加

user@user MINGW64 ~/Desktop/git_challenge (feature)
$
